[tavonline.net/html/giggs/giggs/home-profile.html]
[backblue.gif]
[fade.gif]
[index.html]
[tavonline.net/html/giggs/giggs/favicon.ico]
[tavonline.net/html/giggs/giggs/css/bootstrap.css]
[tavonline.net/html/giggs/giggs/css/reset.css]
[tavonline.net/html/giggs/giggs/css/owl.theme.css]
[tavonline.net/html/giggs/giggs/css/owl.carousel.css]
[tavonline.net/html/giggs/giggs/css/magnific-popup.css]
[tavonline.net/html/giggs/giggs/css/perfect-scrollbar.css]
[tavonline.net/html/giggs/giggs/css/style.css]
[tavonline.net/html/giggs/giggs/css/style-dark.css]
[tavonline.net/html/giggs/giggs/css/colors/switcher.css]
[tavonline.net/html/giggs/giggs/css/colors/color-1.css]
[tavonline.net/html/giggs/giggs/css/colors/color-2.css]
[tavonline.net/html/giggs/giggs/css/colors/color-3.css]
[tavonline.net/html/giggs/giggs/css/colors/color-4.css]
[tavonline.net/html/giggs/giggs/css/colors/color-5.css]
[tavonline.net/html/giggs/giggs/css/colors/color-6.css]
[tavonline.net/html/giggs/giggs/css/colors/color-7.css]
[tavonline.net/html/giggs/giggs/css/colors/color-8.css]
[tavonline.net/html/giggs/giggs/css/colors/color-9.css]
[tavonline.net/html/giggs/giggs/css/colors/color-10.css]
[tavonline.net/html/giggs/giggs/css/colors/color-11.css]
[tavonline.net/html/giggs/giggs/css/colors/color-12.css]
[tavonline.net/html/giggs/giggs/icon-fonts/font-awesome-4.5.0/css/font-awesome.min.css]
[tavonline.net/html/giggs/giggs/icon-fonts/essential-regular-fonts/essential-icons.css]
[tavonline.net/html/giggs/giggs/images/profile-2.jpg]
[tavonline.net/html/giggs/giggs/work-single.html]
[tavonline.net/html/giggs/giggs/images/work-1.jpg]
[tavonline.net/html/giggs/giggs/images/work-2.jpg]
[tavonline.net/html/giggs/giggs/images/work-3.jpg]
[tavonline.net/html/giggs/giggs/images/work-4.jpg]
[tavonline.net/html/giggs/giggs/works.html]
[tavonline.net/html/giggs/giggs/images/blog-2.jpg]
[tavonline.net/html/giggs/giggs/gallery-post.html]
[tavonline.net/html/giggs/giggs/images/blog-1.jpg]
[tavonline.net/html/giggs/giggs/images/blog-3.jpg]
[tavonline.net/html/giggs/giggs/video-post.html]
[tavonline.net/html/giggs/giggs/blog-post.html]
[tavonline.net/html/giggs/giggs/images/client-1.jpg]
[tavonline.net/html/giggs/giggs/images/client-2.jpg]
[tavonline.net/html/giggs/giggs/images/client-3.jpg]
[tavonline.net/html/giggs/giggs/images/client-4.jpg]
[tavonline.net/html/giggs/giggs/images/client-5.jpg]
[tavonline.net/html/giggs/giggs/images/client-6.jpg]
[tavonline.net/html/giggs/giggs/js/bootstrap.min.js]
[tavonline.net/html/giggs/giggs/js/typed.js]
[tavonline.net/html/giggs/giggs/js/jquery-2.1.4.min.js]
[tavonline.net/html/giggs/giggs/js/isotope.pkgd.min.js]
[tavonline.net/html/giggs/giggs/js/owl.carousel.min.js]
[tavonline.net/html/giggs/giggs/js/jquery.magnific-popup.min.js]
[tavonline.net/html/giggs/giggs/twitter-api/tweetie.js]
[tavonline.net/html/giggs/giggs/js/audio.min.js]
[tavonline.net/html/giggs/giggs/js/jquery.mousewheel.js]
[tavonline.net/html/giggs/giggs/js/perfect-scrollbar.js]
[tavonline.net/html/giggs/giggs/js/styleswitcher.js]
[tavonline.net/html/giggs/giggs/js/main.js]
[tavonline.net/html/giggs/giggs/home-profile.html]
[tavonline.net/html/giggs/giggs/css/bootstrap.css]
[tavonline.net/html/giggs/giggs/css/reset.css]
[tavonline.net/html/giggs/giggs/css/owl.theme.css]
[tavonline.net/html/giggs/giggs/css/owl.carousel.css]
[tavonline.net/html/giggs/giggs/css/magnific-popup.css]
[tavonline.net/html/giggs/giggs/css/perfect-scrollbar.css]
[tavonline.net/html/giggs/giggs/images/dotted-bg.png]
[tavonline.net/html/giggs/giggs/images/home.jpg]
[tavonline.net/html/giggs/giggs/css/style.css]
[tavonline.net/html/giggs/giggs/css/style-dark.css]
[tavonline.net/html/giggs/giggs/css/colors/switcher.css]
[tavonline.net/html/giggs/giggs/css/colors/color-1.css]
[tavonline.net/html/giggs/giggs/css/colors/color-2.css]
[tavonline.net/html/giggs/giggs/css/colors/color-3.css]
[tavonline.net/html/giggs/giggs/css/colors/color-4.css]
[tavonline.net/html/giggs/giggs/css/colors/color-5.css]
[tavonline.net/html/giggs/giggs/css/colors/color-6.css]
[tavonline.net/html/giggs/giggs/css/colors/color-7.css]
[tavonline.net/html/giggs/giggs/css/colors/color-8.css]
[tavonline.net/html/giggs/giggs/css/colors/color-9.css]
[tavonline.net/html/giggs/giggs/css/colors/color-10.css]
[tavonline.net/html/giggs/giggs/css/colors/color-11.css]
[tavonline.net/html/giggs/giggs/css/colors/color-12.css]
[tavonline.net/html/giggs/giggs/icon-fonts/font-awesome-4.5.0/fonts/fontawesome-webfont3295.eot]
[tavonline.net/html/giggs/giggs/icon-fonts/font-awesome-4.5.0/fonts/fontawesome-webfontd41d.eot]
[tavonline.net/html/giggs/giggs/icon-fonts/font-awesome-4.5.0/fonts/fontawesome-webfont3295.woff]
[tavonline.net/html/giggs/giggs/icon-fonts/font-awesome-4.5.0/css/font-awesome.min.css]
[tavonline.net/html/giggs/giggs/icon-fonts/essential-regular-fonts/essential-regulard41d.eot]
[tavonline.net/html/giggs/giggs/icon-fonts/font-awesome-4.5.0/fonts/fontawesome-webfont3295.svg]
[tavonline.net/html/giggs/giggs/icon-fonts/essential-regular-fonts/essential-regular.woff]
[tavonline.net/html/giggs/giggs/icon-fonts/essential-regular-fonts/essential-regular.ttf]
[tavonline.net/html/giggs/giggs/icon-fonts/essential-regular-fonts/essential-regular.svg]
[tavonline.net/html/giggs/giggs/icon-fonts/essential-regular-fonts/essential-icons.css]
[tavonline.net/html/giggs/giggs/images/profile.jpg]
[tavonline.net/html/giggs/giggs/index.html]
[tavonline.net/html/giggs/giggs/images/single-work-1.jpg]
[tavonline.net/html/giggs/giggs/images/single-work-2.jpg]
[tavonline.net/html/giggs/giggs/images/single-work-3.jpg]
[tavonline.net/html/giggs/giggs/images/single-work-4.jpg]
[tavonline.net/html/giggs/giggs/images/single-work-5.jpg]
[tavonline.net/html/giggs/giggs/images/single-work-6.jpg]
[tavonline.net/html/giggs/giggs/work-single.html]
[tavonline.net/html/giggs/giggs/images/work-5.jpg]
[tavonline.net/html/giggs/giggs/images/work-6.jpg]
[tavonline.net/html/giggs/giggs/images/work-7.jpg]
[tavonline.net/html/giggs/giggs/images/work-9.jpg]
[tavonline.net/html/giggs/giggs/works.html]
[tavonline.net/html/giggs/giggs/audio-post.html]
[tavonline.net/html/giggs/giggs/images/person.png]
[tavonline.net/html/giggs/giggs/images/banner.jpg]
[tavonline.net/html/giggs/giggs/gallery-post.html]
[tavonline.net/html/giggs/giggs/video-post.html]
[tavonline.net/html/giggs/giggs/blog-post.html]
[tavonline.net/html/giggs/giggs/fonts/glyphicons-halflings-regular.html]
[tavonline.net/html/giggs/giggs/fonts/glyphicons-halflings-regulard41d.html]
[tavonline.net/html/giggs/giggs/fonts/glyphicons-halflings-regular-2.html]
[tavonline.net/html/giggs/giggs/fonts/glyphicons-halflings-regular-3.html]
[tavonline.net/html/giggs/giggs/fonts/glyphicons-halflings-regular-4.html]
[tavonline.net/html/giggs/giggs/fonts/glyphicons-halflings-regular-5.html]
[tavonline.net/html/giggs/giggs/css/AjaxLoader.html]
[tavonline.net/html/giggs/giggs/icon-fonts/font-awesome-4.5.0/fonts/fontawesome-webfont3295.woff2]
[tavonline.net/html/giggs/giggs/icon-fonts/font-awesome-4.5.0/fonts/fontawesome-webfont3295.ttf]
[tavonline.net/html/giggs/giggs/icon-fonts/font-awesome-4.5.0/fonts/fontawesome-webfont3295.svg]
[tavonline.net/html/giggs/giggs/icon-fonts/essential-regular-fonts/essential-regular.svg]
[tavonline.net/html/giggs/giggs/images/works/work-1.jpg]
[tavonline.net/html/giggs/giggs/images/works/work-2.jpg]
[tavonline.net/html/giggs/giggs/images/works/work-3.jpg]
[tavonline.net/html/giggs/giggs/images/works/work-4.jpg]
[tavonline.net/html/giggs/giggs/images/works/work-5.jpg]
[tavonline.net/html/giggs/giggs/images/works/work-6.jpg]
[tavonline.net/html/giggs/giggs/index.html]
[tavonline.net/html/giggs/giggs/images/work-8.jpg]
[tavonline.net/html/giggs/giggs/audio-post.html]
[tavonline.net/html/giggs/giggs/icon-fonts/essential-regular-fonts/essential-regular.eot]
