[tavonline.net/html/gorge2/dark/index.html]
[backblue.gif]
[fade.gif]
[index.html]
[tavonline.net/html/gorge2/dark/css/bootstrap.min.css]
[tavonline.net/html/gorge2/dark/cubeportfolio/css/cubeportfolio.min.css]
[tavonline.net/html/gorge2/dark/css/colors/red.css]
[tavonline.net/html/gorge2/dark/css/style.css]
[tavonline.net/html/gorge2/dark/css/dark.css]
[tavonline.net/html/gorge2/dark/icon-fonts/fontawesome-5.0.6/css/fontawesome-all.min.css]
[tavonline.net/html/gorge2/dark/images/logo.png]
[tavonline.net/html/gorge2/dark/about.html]
[tavonline.net/html/gorge2/dark/news.html]
[tavonline.net/html/gorge2/dark/contact.html]
[tavonline.net/html/gorge2/dark/portfolio/work-1.html]
[tavonline.net/html/gorge2/dark/images/work-1.jpg]
[tavonline.net/html/gorge2/dark/portfolio/work-2.html]
[tavonline.net/html/gorge2/dark/images/work-2.jpg]
[tavonline.net/html/gorge2/dark/portfolio/work-3.html]
[tavonline.net/html/gorge2/dark/images/work-3.jpg]
[tavonline.net/html/gorge2/dark/portfolio/work-5.html]
[tavonline.net/html/gorge2/dark/images/work-4.jpg]
[tavonline.net/html/gorge2/dark/portfolio/work-4.html]
[tavonline.net/html/gorge2/dark/images/work-5.jpg]
[tavonline.net/html/gorge2/dark/portfolio/work-6.html]
[tavonline.net/html/gorge2/dark/images/work-6.jpg]
[tavonline.net/html/gorge2/dark/portfolio/work-8.html]
[tavonline.net/html/gorge2/dark/images/work-7.jpg]
[tavonline.net/html/gorge2/dark/images/work-8.jpg]
[tavonline.net/html/gorge2/dark/images/work-9.jpg]
[tavonline.net/html/gorge2/dark/js/jquery-2.1.4.min.js]
[tavonline.net/html/gorge2/dark/js/app.js]
[tavonline.net/html/gorge2/dark/cubeportfolio/js/jquery.cubeportfolio.min.js]
[tavonline.net/html/gorge2/dark/twitter-api/tweetie.js]
[tavonline.net/html/gorge2/dark/js/main.js]
[tavonline.net/html/gorge2/dark/js/jquery.cookie-1.4.1.min.js]
[tavonline.net/html/gorge2/dark/js/Demo.js]
[tavonline.net/html/gorge2/dark/css/Demo.min.css]
[tavonline.net/html/gorge2/dark/index.html]
[tavonline.net/html/gorge2/dark/css/bootstrap.min.css]
[tavonline.net/html/gorge2/dark/cubeportfolio/img/cbp-sprite.png]
[tavonline.net/html/gorge2/dark/cubeportfolio/css/cubeportfolio.min.css]
[tavonline.net/html/gorge2/dark/css/colors/red.css]
[tavonline.net/html/gorge2/dark/css/style.css]
[tavonline.net/html/gorge2/dark/css/dark.css]
[tavonline.net/html/gorge2/dark/icon-fonts/fontawesome-5.0.6/webfonts/fa-brands-400.eot]
[tavonline.net/html/gorge2/dark/icon-fonts/fontawesome-5.0.6/webfonts/fa-brands-400.woff2]
[tavonline.net/html/gorge2/dark/icon-fonts/fontawesome-5.0.6/webfonts/fa-brands-400d41d.eot]
[tavonline.net/html/gorge2/dark/icon-fonts/fontawesome-5.0.6/webfonts/fa-brands-400.woff]
[tavonline.net/html/gorge2/dark/icon-fonts/fontawesome-5.0.6/webfonts/fa-brands-400.ttf]
[tavonline.net/html/gorge2/dark/icon-fonts/fontawesome-5.0.6/webfonts/fa-regular-400d41d.eot]
[tavonline.net/html/gorge2/dark/icon-fonts/fontawesome-5.0.6/webfonts/fa-regular-400.woff2]
[tavonline.net/html/gorge2/dark/icon-fonts/fontawesome-5.0.6/webfonts/fa-regular-400.woff]
[tavonline.net/html/gorge2/dark/icon-fonts/fontawesome-5.0.6/webfonts/fa-regular-400.ttf]
[tavonline.net/html/gorge2/dark/icon-fonts/fontawesome-5.0.6/webfonts/fa-regular-400.svg]
[tavonline.net/html/gorge2/dark/icon-fonts/fontawesome-5.0.6/webfonts/fa-solid-900.eot]
[tavonline.net/html/gorge2/dark/icon-fonts/fontawesome-5.0.6/webfonts/fa-brands-400.svg]
[tavonline.net/html/gorge2/dark/icon-fonts/fontawesome-5.0.6/webfonts/fa-solid-900.woff2]
[tavonline.net/html/gorge2/dark/icon-fonts/fontawesome-5.0.6/webfonts/fa-solid-900d41d.eot]
[tavonline.net/html/gorge2/dark/icon-fonts/fontawesome-5.0.6/webfonts/fa-solid-900.woff]
[tavonline.net/html/gorge2/dark/icon-fonts/fontawesome-5.0.6/webfonts/fa-solid-900.ttf]
[tavonline.net/html/gorge2/dark/icon-fonts/fontawesome-5.0.6/webfonts/fa-solid-900.svg]
[tavonline.net/html/gorge2/dark/icon-fonts/fontawesome-5.0.6/css/fontawesome-all.min.css]
[tavonline.net/html/gorge2/dark/css/owl.theme.css]
[tavonline.net/html/gorge2/dark/css/owl.carousel.css]
[tavonline.net/html/gorge2/dark/icon-fonts/flaticon/flaticon.css]
[tavonline.net/html/gorge2/dark/images/clients/client-5.jpg]
[tavonline.net/html/gorge2/dark/images/clients/client-6.jpg]
[tavonline.net/html/gorge2/dark/images/clients/client-7.jpg]
[tavonline.net/html/gorge2/dark/images/clients/client-8.jpg]
[tavonline.net/html/gorge2/dark/about.html]
[tavonline.net/html/gorge2/dark/js/owl.carousel.min.js]
[tavonline.net/html/gorge2/dark/news-article.html]
[tavonline.net/html/gorge2/dark/images/news-1.jpg]
[tavonline.net/html/gorge2/dark/images/news-2.jpg]
[tavonline.net/html/gorge2/dark/images/news-3.jpg]
[tavonline.net/html/gorge2/dark/images/news-4.jpg]
[tavonline.net/html/gorge2/dark/images/news-5.jpg]
[tavonline.net/html/gorge2/dark/images/news-6.jpg]
[tavonline.net/html/gorge2/dark/images/news-7.jpg]
[tavonline.net/html/gorge2/dark/images/news-8.jpg]
[tavonline.net/html/gorge2/dark/images/news-9.jpg]
[tavonline.net/html/gorge2/dark/news.html]
[tavonline.net/html/gorge2/dark/contact.html]
[tavonline.net/html/gorge2/dark/css/magnific-popup.css]
[tavonline.net/html/gorge2/dark/images/portfolio/work-1/01.jpg]
[tavonline.net/html/gorge2/dark/images/portfolio/work-1/02.jpg]
[tavonline.net/html/gorge2/dark/images/portfolio/work-1/03.jpg]
[tavonline.net/html/gorge2/dark/images/portfolio/work-1/05.jpg]
[tavonline.net/html/gorge2/dark/images/portfolio/work-1/06.jpg]
[tavonline.net/html/gorge2/dark/images/portfolio/work-1/07.jpg]
[tavonline.net/html/gorge2/dark/js/jquery.magnific-popup.min.js]
[tavonline.net/html/gorge2/dark/portfolio/work-1.html]
[tavonline.net/html/gorge2/dark/images/logo-white.png]
[tavonline.net/html/gorge2/dark/images/portfolio/work-2/hero.jpg]
[tavonline.net/html/gorge2/dark/images/portfolio/work-2/01.jpg]
[tavonline.net/html/gorge2/dark/images/portfolio/work-2/02.jpg]
[tavonline.net/html/gorge2/dark/images/portfolio/work-2/03.gif]
[tavonline.net/html/gorge2/dark/images/portfolio/work-2/04.gif]
[tavonline.net/html/gorge2/dark/portfolio/work-2.html]
[tavonline.net/html/gorge2/dark/images/portfolio/work-3/01.jpg]
[tavonline.net/html/gorge2/dark/portfolio/work-3.html]
[tavonline.net/html/gorge2/dark/images/portfolio/work-5/01.jpg]
[tavonline.net/html/gorge2/dark/images/portfolio/work-5/02.jpg]
[tavonline.net/html/gorge2/dark/images/portfolio/work-5/03.jpg]
[tavonline.net/html/gorge2/dark/images/portfolio/work-5/04.jpg]
[tavonline.net/html/gorge2/dark/images/portfolio/work-5/05.jpg]
[tavonline.net/html/gorge2/dark/portfolio/work-5.html]
[tavonline.net/html/gorge2/dark/images/portfolio/work-4/02.jpg]
[tavonline.net/html/gorge2/dark/images/portfolio/work-4/03.jpg]
[tavonline.net/html/gorge2/dark/portfolio/work-4.html]
[tavonline.net/html/gorge2/dark/images/portfolio/work-6/01.jpg]
[tavonline.net/html/gorge2/dark/images/portfolio/work-6/02.jpg]
[tavonline.net/html/gorge2/dark/images/portfolio/work-6/03.jpg]
[tavonline.net/html/gorge2/dark/portfolio/work-6.html]
[tavonline.net/html/gorge2/dark/images/portfolio/work-8/01.jpg]
[tavonline.net/html/gorge2/dark/images/portfolio/work-8/02.jpg]
[tavonline.net/html/gorge2/dark/images/portfolio/work-8/03.jpg]
[tavonline.net/html/gorge2/dark/images/portfolio/work-8/04.jpg]
[tavonline.net/html/gorge2/dark/portfolio/work-8.html]
[tavonline.net/html/gorge2/dark/portfolio/work-7.html]
[tavonline.net/html/gorge2/dark/portfolio/work-9.html]
[tavonline.net/html/gorge2/dark/port.html]
[tavonline.net/html/gorge2/dark/js/typed.js]
[tavonline.net/html/gorge2/dark/js/particles.js]
[tavonline.net/html/gorge2/dark/js/jquery.hover3d.js]
[tavonline.net/html/gorge2/dark/css/Demo.min.css]
[tavonline.net/html/gorge2/dark/icon-fonts/fontawesome-5.0.6/webfonts/fa-brands-400.svg]
[tavonline.net/html/gorge2/dark/icon-fonts/fontawesome-5.0.6/webfonts/fa-regular-400.eot]
[tavonline.net/html/gorge2/dark/icon-fonts/fontawesome-5.0.6/webfonts/fa-regular-400.svg]
[tavonline.net/html/gorge2/dark/icon-fonts/fontawesome-5.0.6/webfonts/fa-solid-900.svg]
[tavonline.net/html/gorge2/dark/css/owl.theme.css]
[tavonline.net/html/gorge2/dark/css/owl.carousel.css]
[tavonline.net/html/gorge2/dark/icon-fonts/flaticon/Flaticon.eot]
[tavonline.net/html/gorge2/dark/icon-fonts/flaticon/Flaticond41d.eot]
[tavonline.net/html/gorge2/dark/icon-fonts/flaticon/Flaticon.woff]
[tavonline.net/html/gorge2/dark/icon-fonts/flaticon/Flaticon.ttf]
[tavonline.net/html/gorge2/dark/icon-fonts/flaticon/Flaticon.svg]
[tavonline.net/html/gorge2/dark/icon-fonts/flaticon/flaticon.css]
[tavonline.net/html/gorge2/dark/images/blog-article.jpg]
[tavonline.net/html/gorge2/dark/images/article-image.jpg]
[tavonline.net/html/gorge2/dark/images/article-image-2.jpg]
[tavonline.net/html/gorge2/dark/images/comment-1.jpg]
[tavonline.net/html/gorge2/dark/images/comment-2.jpg]
[tavonline.net/html/gorge2/dark/images/comment-3.jpg]
[tavonline.net/html/gorge2/dark/news-article.html]
[tavonline.net/html/gorge2/dark/hi@gorge.html]
[tavonline.net/html/gorge2/dark/css/magnific-popup.css]
[tavonline.net/html/gorge2/dark/images/portfolio/work-1/04.jpg]
[tavonline.net/html/gorge2/dark/portfolio/images/logo.html]
[tavonline.net/html/gorge2/dark/portfolio/js/jquery.cookie-1.4.1.min.html]
[tavonline.net/html/gorge2/dark/portfolio/js/Demo.html]
[tavonline.net/html/gorge2/dark/portfolio/css/Demo.min.html]
[tavonline.net/html/gorge2/dark/images/portfolio/work-6/04.jpg]
[tavonline.net/html/gorge2/dark/images/portfolio/work-4/01.jpg]
[tavonline.net/html/gorge2/dark/images/portfolio/work-7/01.jpg]
[tavonline.net/html/gorge2/dark/images/portfolio/work-7/02.jpg]
[tavonline.net/html/gorge2/dark/images/portfolio/work-7/04.jpg]
[tavonline.net/html/gorge2/dark/portfolio/work-7.html]
[tavonline.net/html/gorge2/dark/images/portfolio/work-9/02.jpg]
[tavonline.net/html/gorge2/dark/images/portfolio/work-9/03.jpg]
[tavonline.net/html/gorge2/dark/images/portfolio/work-9/04.jpg]
[tavonline.net/html/gorge2/dark/portfolio/work-9.html]
[tavonline.net/html/gorge2/dark/images/work-10.jpg]
[tavonline.net/html/gorge2/dark/images/work-11.jpg]
[tavonline.net/html/gorge2/dark/port.html]
[tavonline.net/html/gorge2/dark/css/AjaxLoader.html]
[tavonline.net/html/gorge2/dark/icon-fonts/flaticon/Flaticon.svg]
[tavonline.net/html/gorge2/dark/images/portfolio/work-7/03.jpg]
[tavonline.net/html/gorge2/dark/images/portfolio/work-9/01.jpg]
