[tavonline.net/index.html]
[backblue.gif]
[fade.gif]
[index.html]
[tavonline.net/css/style.css]
[tavonline.net/font/stylesheet.css]
[tavonline.net/icon-fonts/fontawesome-5.8.1/css/all.min.css]
[tavonline.net/html/gorge2/light/index.html]
[tavonline.net/img/logo.png]
[tavonline.net/html/maclaren/index.html]
[tavonline.net/html/madrid/index.html]
[tavonline.net/html/mat/default/index.html]
[tavonline.net/js/jquery-2.1.4.min.js]
[tavonline.net/index.html]
[tavonline.net/js/main.js]
[tavonline.net/css/style.css]
[tavonline.net/css/assets.css]
[tavonline.net/font/Gilroy-Heavy.eot]
[tavonline.net/font/Gilroy-Heavy.woff2]
[tavonline.net/font/Gilroy-Heavyd41d.eot]
[tavonline.net/js/plugins.js]
[tavonline.net/font/Gilroy-Heavy.woff]
[tavonline.net/font/Gilroy-Heavy.ttf]
[tavonline.net/font/Gilroy-Boldd41d.eot]
[tavonline.net/font/Gilroy-Bold.woff2]
[tavonline.net/font/Gilroy-Bold.woff]
[tavonline.net/font/Gilroy-Bold.ttf]
[tavonline.net/font/Gilroy-Medium.eot]
[tavonline.net/font/Gilroy-Medium.woff2]
[tavonline.net/font/Gilroy-Mediumd41d.eot]
[tavonline.net/font/Gilroy-Medium.woff]
[tavonline.net/font/Gilroy-Medium.ttf]
[tavonline.net/font/Gilroy-Black.eot]
[tavonline.net/font/Gilroy-Blackd41d.eot]
[tavonline.net/font/Gilroy-Black.woff]
[tavonline.net/font/Gilroy-Black.ttf]
[tavonline.net/font/stylesheet.css]
[tavonline.net/img/favico.html]
[tavonline.net/icon-fonts/fontawesome-5.8.1/webfonts/fa-brands-400.eot]
[tavonline.net/icon-fonts/fontawesome-5.8.1/webfonts/fa-brands-400.woff2]
[tavonline.net/icon-fonts/fontawesome-5.8.1/webfonts/fa-brands-400d41d.eot]
[tavonline.net/icon-fonts/fontawesome-5.8.1/webfonts/fa-brands-400.ttf]
[tavonline.net/icon-fonts/fontawesome-5.8.1/webfonts/fa-brands-400.svg]
[tavonline.net/icon-fonts/fontawesome-5.8.1/webfonts/fa-regular-400.eot]
[tavonline.net/icon-fonts/fontawesome-5.8.1/webfonts/fa-regular-400.woff2]
[tavonline.net/icon-fonts/fontawesome-5.8.1/webfonts/fa-regular-400d41d.eot]
[tavonline.net/icon-fonts/fontawesome-5.8.1/webfonts/fa-regular-400.woff]
[tavonline.net/icon-fonts/fontawesome-5.8.1/webfonts/fa-regular-400.ttf]
[tavonline.net/icon-fonts/fontawesome-5.8.1/webfonts/fa-solid-900.eot]
[tavonline.net/icon-fonts/fontawesome-5.8.1/webfonts/fa-regular-400.svg]
[tavonline.net/icon-fonts/fontawesome-5.8.1/webfonts/fa-solid-900.woff2]
[tavonline.net/icon-fonts/fontawesome-5.8.1/webfonts/fa-solid-900d41d.eot]
[tavonline.net/icon-fonts/fontawesome-5.8.1/webfonts/fa-solid-900.woff]
[tavonline.net/icon-fonts/fontawesome-5.8.1/webfonts/fa-solid-900.svg]
[tavonline.net/icon-fonts/fontawesome-5.8.1/css/all.min.css]
[tavonline.net/html/gorge2/light/css/bootstrap.min.css]
[tavonline.net/html/gorge2/light/cubeportfolio/css/cubeportfolio.min.css]
[tavonline.net/html/gorge2/light/css/colors/red.css]
[tavonline.net/html/gorge2/light/css/style.css]
[tavonline.net/html/gorge2/light/icon-fonts/fontawesome-5.0.6/css/fontawesome-all.min.css]
[tavonline.net/html/gorge2/light/images/logo.png]
[tavonline.net/html/gorge2/light/about.html]
[tavonline.net/html/gorge2/light/news.html]
[tavonline.net/html/gorge2/light/contact.html]
[tavonline.net/html/gorge2/light/portfolio/work-1.html]
[tavonline.net/html/gorge2/light/images/work-1.jpg]
[tavonline.net/html/gorge2/light/portfolio/work-2.html]
[tavonline.net/html/gorge2/light/images/work-2.jpg]
[tavonline.net/html/gorge2/light/portfolio/work-3.html]
[tavonline.net/html/gorge2/light/images/work-3.jpg]
[tavonline.net/html/gorge2/light/portfolio/work-5.html]
[tavonline.net/html/gorge2/light/images/work-4.jpg]
[tavonline.net/html/gorge2/light/portfolio/work-4.html]
[tavonline.net/html/gorge2/light/images/work-5.jpg]
[tavonline.net/html/gorge2/light/portfolio/work-6.html]
[tavonline.net/html/gorge2/light/images/work-6.jpg]
[tavonline.net/html/gorge2/light/images/work-7.jpg]
[tavonline.net/html/gorge2/light/portfolio/work-9.html]
[tavonline.net/html/gorge2/light/images/work-9.jpg]
[tavonline.net/html/gorge2/light/port.html]
[tavonline.net/html/gorge2/light/js/typed.js]
[tavonline.net/html/gorge2/light/js/jquery-2.1.4.min.js]
[tavonline.net/html/gorge2/light/cubeportfolio/js/jquery.cubeportfolio.min.js]
[tavonline.net/html/gorge2/light/js/particles.js]
[tavonline.net/html/gorge2/light/js/app.js]
[tavonline.net/html/gorge2/light/js/jquery.hover3d.js]
[tavonline.net/html/gorge2/light/twitter-api/tweetie.js]
[tavonline.net/html/gorge2/light/js/main.js]
[tavonline.net/html/gorge2/light/index.html]
[tavonline.net/html/maclaren/css/style.css]
[tavonline.net/html/maclaren/img/favico.png]
[tavonline.net/html/maclaren/icon-fonts/fontawesome-5.8.1/css/all.min.css]
[tavonline.net/html/maclaren/index-2.html]
[tavonline.net/html/maclaren/img/logo.png]
[tavonline.net/html/maclaren/about.html]
[tavonline.net/html/maclaren/img/about.jpg]
[tavonline.net/html/maclaren/portfolio-two.html]
[tavonline.net/html/maclaren/img/works/work-2/01.jpg]
[tavonline.net/html/maclaren/portfolio-three.html]
[tavonline.net/html/maclaren/img/works/work-3/01.jpg]
[tavonline.net/html/maclaren/portfolio-four.html]
[tavonline.net/html/maclaren/img/works/work-4/01.jpg]
[tavonline.net/html/maclaren/portfolio-five.html]
[tavonline.net/html/maclaren/img/works/work-5/01.jpg]
[tavonline.net/html/maclaren/all-projects.html]
[tavonline.net/html/maclaren/contact.html]
[tavonline.net/html/maclaren/js/jquery-2.1.4.min.js]
[tavonline.net/html/maclaren/js/main.js]
[tavonline.net/html/maclaren/index.html]
[tavonline.net/html/madrid/css/bootstrap.css]
[tavonline.net/html/madrid/css/style.css]
[tavonline.net/html/madrid/icon-fonts/font-awesome-4.5.0/css/font-awesome.min.css]
[tavonline.net/html/madrid/img/logo.png]
[tavonline.net/html/madrid/index-2.html]
[tavonline.net/html/madrid/about.html]
[tavonline.net/html/madrid/blogs-page.html]
[tavonline.net/html/madrid/contact.html]
[tavonline.net/html/madrid/work-1.html]
[tavonline.net/html/madrid/img/work-1.jpg]
[tavonline.net/html/madrid/work-2.html]
[tavonline.net/html/madrid/img/work-2.jpg]
[tavonline.net/html/madrid/work-3.html]
[tavonline.net/html/madrid/img/work-3.jpg]
[tavonline.net/html/madrid/work-4.html]
[tavonline.net/html/maclaren/js/plugins.js]
[tavonline.net/html/madrid/img/work-4.jpg]
[tavonline.net/html/madrid/work-5.html]
[tavonline.net/html/madrid/img/work-5.jpg]
[tavonline.net/html/madrid/work-7.html]
[tavonline.net/html/madrid/img/work-6.jpg]
[tavonline.net/html/madrid/work-6.html]
[tavonline.net/html/madrid/img/work-7.jpg]
[tavonline.net/html/madrid/work-9.html]
[tavonline.net/html/madrid/img/work-8.jpg]
[tavonline.net/html/madrid/work-8.html]
[tavonline.net/html/madrid/img/work-9.jpg]
[tavonline.net/html/madrid/index.html]
[tavonline.net/html/madrid/js/main.js]
[tavonline.net/html/mat/default/favicon.ico]
[tavonline.net/html/mat/default/css/bootstrap.css]
[tavonline.net/html/mat/default/css/reset.css]
[tavonline.net/html/mat/default/cubeportfolio/css/cubeportfolio.min.css]
[tavonline.net/html/mat/default/css/owl.theme.css]
[tavonline.net/html/mat/default/css/owl.carousel.css]
[tavonline.net/html/mat/default/css/style.css]
[tavonline.net/html/mat/default/css/colors/yellow.css]
[tavonline.net/html/mat/default/icon-fonts/font-awesome-4.7.0/css/font-awesome.min.css]
[tavonline.net/html/mat/default/icon-fonts/web-design/flaticon.css]
[tavonline.net/html/mat/default/images/profile.jpg]
[tavonline.net/html/mat/default/images/client-01.jpg]
[tavonline.net/html/mat/default/images/client-02.jpg]
[tavonline.net/html/madrid/js/plugins.js]
[tavonline.net/html/mat/default/images/client-03.jpg]
[tavonline.net/html/mat/default/images/client-04.jpg]
[tavonline.net/html/mat/default/images/testimonial-1.jpg]
[tavonline.net/html/mat/default/images/testimonial-2.jpg]
[tavonline.net/html/mat/default/images/testimonial-3.jpg]
[tavonline.net/html/mat/default/portfolio-detail/work-01.html]
[tavonline.net/html/mat/default/images/works/work-01.jpg]
[tavonline.net/html/mat/default/images/works/work-02.jpg]
[tavonline.net/html/mat/default/images/works/work-06.jpg]
[tavonline.net/html/mat/default/portfolio-detail/work-02.html]
[tavonline.net/html/mat/default/images/works/work-03.jpg]
[tavonline.net/html/mat/default/images/works/work-04.jpg]
[tavonline.net/html/mat/default/images/works/work-05.jpg]
[tavonline.net/html/mat/default/images/works/work-07.jpg]
[tavonline.net/html/mat/default/images/works/work-08.jpg]
[tavonline.net/html/mat/default/images/works/work-09.jpg]
[tavonline.net/html/mat/default/load-more/portfolio.html]
[tavonline.net/html/mat/default/blog-posts/blog-1.html]
[tavonline.net/html/mat/default/images/blogs/blog-6.jpg]
[tavonline.net/html/mat/default/blog-posts/blog-video-version.html]
[tavonline.net/html/mat/default/images/blogs/blog-2.jpg]
[tavonline.net/html/mat/default/blog-posts/blog-music-version.html]
[tavonline.net/html/mat/default/images/blogs/blog-3.jpg]
[tavonline.net/html/mat/default/images/blogs/blog-4.jpg]
[tavonline.net/html/mat/default/images/blogs/blog-5.jpg]
[tavonline.net/html/mat/default/load-more/blog-posts.html]
[tavonline.net/html/mat/default/js/bootstrap.min.js]
[tavonline.net/html/mat/default/cubeportfolio/js/jquery.cubeportfolio.min.js]
[tavonline.net/html/mat/default/js/jquery-2.1.4.min.js]
[tavonline.net/html/mat/default/js/jquery.easytabs.min.js]
[tavonline.net/html/mat/default/js/main.js]
[tavonline.net/html/mat/default/js/owl.carousel.min.js]
[tavonline.net/html/mat/default/js/jquery.cookie-1.4.1.min.js]
[tavonline.net/html/mat/default/js/Demo.js]
[tavonline.net/html/mat/default/css/Demo.min.css]
[tavonline.net/html/mat/default/index.html]
[tavonline.net/css/assets.css]
[tavonline.net/font/Gilroy-Bold.eot]
[tavonline.net/icon-fonts/fontawesome-5.8.1/webfonts/fa-brands-400.woff]
[tavonline.net/font/Gilroy-Black.woff2]
[tavonline.net/icon-fonts/fontawesome-5.8.1/webfonts/fa-brands-400.svg]
[tavonline.net/icon-fonts/fontawesome-5.8.1/webfonts/fa-regular-400.svg]
[tavonline.net/icon-fonts/fontawesome-5.8.1/webfonts/fa-solid-900.ttf]
[tavonline.net/icon-fonts/fontawesome-5.8.1/webfonts/fa-solid-900.svg]
[tavonline.net/html/gorge2/light/css/bootstrap.min.css]
[tavonline.net/html/gorge2/light/cubeportfolio/img/cbp-sprite.png]
[tavonline.net/html/gorge2/light/cubeportfolio/css/cubeportfolio.min.css]
[tavonline.net/html/gorge2/light/css/colors/red.css]
[tavonline.net/html/gorge2/light/css/style.css]
[tavonline.net/html/gorge2/light/icon-fonts/fontawesome-5.0.6/webfonts/fa-brands-400.eot]
[tavonline.net/html/gorge2/light/icon-fonts/fontawesome-5.0.6/webfonts/fa-brands-400d41d.eot]
[tavonline.net/html/gorge2/light/icon-fonts/fontawesome-5.0.6/webfonts/fa-brands-400.woff]
[tavonline.net/html/gorge2/light/icon-fonts/fontawesome-5.0.6/webfonts/fa-brands-400.ttf]
[tavonline.net/html/gorge2/light/icon-fonts/fontawesome-5.0.6/webfonts/fa-brands-400.svg]
[tavonline.net/html/gorge2/light/icon-fonts/fontawesome-5.0.6/webfonts/fa-regular-400.eot]
[tavonline.net/html/gorge2/light/icon-fonts/fontawesome-5.0.6/webfonts/fa-regular-400d41d.eot]
[tavonline.net/html/gorge2/light/icon-fonts/fontawesome-5.0.6/webfonts/fa-regular-400.woff]
[tavonline.net/html/gorge2/light/icon-fonts/fontawesome-5.0.6/webfonts/fa-regular-400.ttf]
[tavonline.net/html/gorge2/light/icon-fonts/fontawesome-5.0.6/webfonts/fa-regular-400.svg]
[tavonline.net/html/gorge2/light/icon-fonts/fontawesome-5.0.6/webfonts/fa-solid-900.eot]
[tavonline.net/html/gorge2/light/icon-fonts/fontawesome-5.0.6/webfonts/fa-solid-900d41d.eot]
[tavonline.net/html/gorge2/light/icon-fonts/fontawesome-5.0.6/webfonts/fa-solid-900.woff2]
[tavonline.net/html/gorge2/light/icon-fonts/fontawesome-5.0.6/webfonts/fa-solid-900.woff]
[tavonline.net/html/gorge2/light/icon-fonts/fontawesome-5.0.6/webfonts/fa-solid-900.ttf]
[tavonline.net/html/gorge2/light/icon-fonts/fontawesome-5.0.6/css/fontawesome-all.min.css]
[tavonline.net/html/gorge2/light/icon-fonts/fontawesome-5.0.6/webfonts/fa-solid-900.svg]
[tavonline.net/html/gorge2/light/css/owl.theme.css]
[tavonline.net/html/gorge2/light/css/owl.carousel.css]
[tavonline.net/html/gorge2/light/icon-fonts/flaticon/flaticon.css]
[tavonline.net/html/gorge2/light/images/clients/client-5.jpg]
[tavonline.net/html/gorge2/light/images/clients/client-6.jpg]
[tavonline.net/html/gorge2/light/images/clients/client-8.jpg]
[tavonline.net/html/gorge2/light/images/clients/client-7.jpg]
[tavonline.net/html/gorge2/light/js/owl.carousel.min.js]
[tavonline.net/html/gorge2/light/about.html]
[tavonline.net/html/gorge2/light/news-article.html]
[tavonline.net/html/gorge2/light/images/news-1.jpg]
[tavonline.net/html/gorge2/light/images/news-2.jpg]
[tavonline.net/html/gorge2/light/images/news-3.jpg]
[tavonline.net/html/gorge2/light/images/news-4.jpg]
[tavonline.net/html/gorge2/light/images/news-5.jpg]
[tavonline.net/html/gorge2/light/images/news-6.jpg]
[tavonline.net/html/gorge2/light/images/news-7.jpg]
[tavonline.net/html/gorge2/light/images/news-8.jpg]
[tavonline.net/html/gorge2/light/images/news-9.jpg]
[tavonline.net/html/gorge2/light/news.html]
[tavonline.net/html/gorge2/light/contact.html]
[tavonline.net/html/gorge2/light/css/magnific-popup.css]
[tavonline.net/html/gorge2/light/images/portfolio/work-1/01.jpg]
[tavonline.net/html/gorge2/light/images/portfolio/work-1/02.jpg]
[tavonline.net/html/gorge2/light/images/portfolio/work-1/03.jpg]
[tavonline.net/html/gorge2/light/images/portfolio/work-1/05.jpg]
[tavonline.net/html/gorge2/light/images/portfolio/work-1/06.jpg]
[tavonline.net/html/gorge2/light/images/portfolio/work-1/07.jpg]
[tavonline.net/html/gorge2/light/portfolio/work-1.html]
[tavonline.net/html/gorge2/light/js/jquery.magnific-popup.min.js]
[tavonline.net/html/gorge2/light/images/logo-white.png]
[tavonline.net/html/gorge2/light/images/portfolio/work-2/hero.jpg]
[tavonline.net/html/gorge2/light/images/portfolio/work-2/01.jpg]
[tavonline.net/html/gorge2/light/images/portfolio/work-2/02.jpg]
[tavonline.net/html/gorge2/light/images/portfolio/work-2/03.gif]
[tavonline.net/html/gorge2/light/images/portfolio/work-2/04.gif]
[tavonline.net/html/gorge2/light/portfolio/work-2.html]
[tavonline.net/html/gorge2/light/images/portfolio/work-3/01.jpg]
[tavonline.net/html/gorge2/light/portfolio/work-3.html]
[tavonline.net/html/gorge2/light/images/portfolio/work-5/01.jpg]
[tavonline.net/html/gorge2/light/images/portfolio/work-5/02.jpg]
[tavonline.net/html/gorge2/light/images/portfolio/work-5/03.jpg]
[tavonline.net/html/gorge2/light/images/portfolio/work-5/04.jpg]
[tavonline.net/html/gorge2/light/images/portfolio/work-5/05.jpg]
[tavonline.net/html/gorge2/light/portfolio/work-5.html]
[tavonline.net/html/gorge2/light/images/portfolio/work-4/02.jpg]
[tavonline.net/html/gorge2/light/images/portfolio/work-4/03.jpg]
[tavonline.net/html/gorge2/light/portfolio/work-4.html]
[tavonline.net/html/gorge2/light/images/portfolio/work-6/01.jpg]
[tavonline.net/html/gorge2/light/images/portfolio/work-6/02.jpg]
[tavonline.net/html/gorge2/light/images/portfolio/work-6/03.jpg]
[tavonline.net/html/gorge2/light/images/portfolio/work-6/04.jpg]
[tavonline.net/html/gorge2/light/portfolio/work-6.html]
[tavonline.net/html/gorge2/light/portfolio/work-8.html]
[tavonline.net/html/gorge2/light/portfolio/work-7.html]
[tavonline.net/html/gorge2/light/images/work-8.jpg]
[tavonline.net/html/gorge2/light/images/portfolio/work-9/01.jpg]
[tavonline.net/html/gorge2/light/images/portfolio/work-9/02.jpg]
[tavonline.net/html/gorge2/light/images/portfolio/work-9/03.jpg]
[tavonline.net/html/gorge2/light/images/portfolio/work-9/04.jpg]
[tavonline.net/html/gorge2/light/portfolio/work-9.html]
[tavonline.net/html/gorge2/light/images/work-10.jpg]
[tavonline.net/html/gorge2/light/images/work-11.jpg]
[tavonline.net/html/gorge2/light/port.html]
[tavonline.net/html/maclaren/css/assets.css]
[tavonline.net/html/maclaren/img/sprite-2.png]
[tavonline.net/html/maclaren/img/sprite-right.png]
[tavonline.net/html/maclaren/img/close.png]
[tavonline.net/html/maclaren/css/style.css]
[tavonline.net/html/maclaren/icon-fonts/fontawesome-5.8.1/webfonts/fa-brands-400.eot]
[tavonline.net/html/maclaren/icon-fonts/fontawesome-5.8.1/webfonts/fa-brands-400d41d.eot]
[tavonline.net/html/maclaren/icon-fonts/fontawesome-5.8.1/webfonts/fa-brands-400.woff2]
[tavonline.net/html/maclaren/icon-fonts/fontawesome-5.8.1/webfonts/fa-brands-400.woff]
[tavonline.net/html/maclaren/icon-fonts/fontawesome-5.8.1/webfonts/fa-brands-400.svg]
[tavonline.net/html/maclaren/icon-fonts/fontawesome-5.8.1/webfonts/fa-regular-400.eot]
[tavonline.net/html/maclaren/icon-fonts/fontawesome-5.8.1/webfonts/fa-regular-400.woff2]
[tavonline.net/html/maclaren/icon-fonts/fontawesome-5.8.1/webfonts/fa-regular-400d41d.eot]
[tavonline.net/html/maclaren/icon-fonts/fontawesome-5.8.1/webfonts/fa-regular-400.woff]
[tavonline.net/html/maclaren/icon-fonts/fontawesome-5.8.1/webfonts/fa-regular-400.ttf]
[tavonline.net/html/maclaren/icon-fonts/fontawesome-5.8.1/webfonts/fa-regular-400.svg]
[tavonline.net/html/maclaren/icon-fonts/fontawesome-5.8.1/webfonts/fa-solid-900.eot]
[tavonline.net/html/maclaren/icon-fonts/fontawesome-5.8.1/webfonts/fa-solid-900.woff2]
[tavonline.net/html/maclaren/icon-fonts/fontawesome-5.8.1/webfonts/fa-solid-900.woff]
[tavonline.net/html/maclaren/icon-fonts/fontawesome-5.8.1/webfonts/fa-solid-900.ttf]
[tavonline.net/html/maclaren/icon-fonts/fontawesome-5.8.1/webfonts/fa-solid-900.svg]
[tavonline.net/html/maclaren/icon-fonts/fontawesome-5.8.1/css/all.min.css]
[tavonline.net/html/maclaren/index-2.html]
[tavonline.net/html/maclaren/img/client-1.jpg]
[tavonline.net/html/maclaren/img/client-2.jpg]
[tavonline.net/html/maclaren/img/client-3.jpg]
[tavonline.net/html/maclaren/img/client-4.jpg]
[tavonline.net/html/maclaren/about.html]
[tavonline.net/html/maclaren/img/works/work-2/02.jpg]
[tavonline.net/html/maclaren/img/works/work-2/03.jpg]
[tavonline.net/html/maclaren/img/works/work-2/04.jpg]
[tavonline.net/html/maclaren/img/works/work-2/05.jpg]
[tavonline.net/html/maclaren/portfolio-two.html]
[tavonline.net/html/maclaren/img/works/work-3/02.jpg]
[tavonline.net/html/maclaren/img/works/work-3/03.jpg]
[tavonline.net/html/maclaren/portfolio-three.html]
[tavonline.net/html/maclaren/img/works/work-4/02.jpg]
[tavonline.net/html/maclaren/img/works/work-4/03.jpg]
[tavonline.net/html/maclaren/img/works/work-4/04.jpg]
[tavonline.net/html/maclaren/img/works/work-4/05.jpg]
[tavonline.net/html/maclaren/portfolio-four.html]
[tavonline.net/html/maclaren/img/works/work-5/02.jpg]
[tavonline.net/html/maclaren/img/works/work-5/03.jpg]
[tavonline.net/html/maclaren/img/works/work-5/04.jpg]
[tavonline.net/html/maclaren/img/works/work-5/05.jpg]
[tavonline.net/html/maclaren/portfolio-six.html]
[tavonline.net/html/maclaren/portfolio-five.html]
[tavonline.net/html/maclaren/img/works/work-6/01.jpg]
[tavonline.net/html/maclaren/all-projects.html]
[tavonline.net/html/maclaren/contact.html]
[tavonline.net/html/madrid/css/bootstrap.css]
[tavonline.net/html/madrid/img/home.jpg]
[tavonline.net/html/madrid/img/about-promo.jpg]
[tavonline.net/html/madrid/img/contact.jpg]
[tavonline.net/html/madrid/img/blog-hero.jpg]
[tavonline.net/html/madrid/css/style.css]
[tavonline.net/html/madrid/icon-fonts/font-awesome-4.5.0/fonts/fontawesome-webfont3295.eot]
[tavonline.net/html/madrid/icon-fonts/font-awesome-4.5.0/fonts/fontawesome-webfontd41d.eot]
[tavonline.net/html/madrid/icon-fonts/font-awesome-4.5.0/fonts/fontawesome-webfont3295.woff]
[tavonline.net/html/madrid/icon-fonts/font-awesome-4.5.0/fonts/fontawesome-webfont3295.svg]
[tavonline.net/html/madrid/icon-fonts/font-awesome-4.5.0/css/font-awesome.min.css]
[tavonline.net/html/madrid/index-2.html]
[tavonline.net/html/madrid/css/owl.theme.min.css]
[tavonline.net/html/madrid/css/owl.carousel.min.css]
[tavonline.net/html/madrid/icon-fonts/web-design/flaticon.css]
[tavonline.net/html/madrid/img/about.jpg]
[tavonline.net/html/madrid/about.html]
[tavonline.net/html/madrid/single-blog.html]
[tavonline.net/html/madrid/img/blog-1.jpg]
[tavonline.net/html/madrid/img/blog-3.jpg]
[tavonline.net/html/madrid/blogs-page.html]
[tavonline.net/html/madrid/contact.html]
[tavonline.net/html/madrid/img/singlework/thegang.jpg]
[tavonline.net/html/madrid/img/singlework/thegang-2.jpg]
[tavonline.net/html/madrid/img/singlework/thegang-5.jpg]
[tavonline.net/html/madrid/img/singlework/thegang-3.jpg]
[tavonline.net/html/madrid/img/singlework/thegang-4.jpg]
[tavonline.net/html/madrid/work-1.html]
[tavonline.net/html/madrid/img/singlework/factorie-2.jpg]
[tavonline.net/html/madrid/img/singlework/factorie-1.jpg]
[tavonline.net/html/madrid/img/singlework/factorie-3.gif]
[tavonline.net/html/madrid/img/singlework/factorie-4.jpg]
[tavonline.net/html/madrid/img/singlework/factorie-6.gif]
[tavonline.net/html/madrid/work-2.html]
[tavonline.net/html/madrid/css/magnific-popup.css]
[tavonline.net/html/madrid/img/singlework/environmental-1.jpg]
[tavonline.net/html/madrid/img/singlework/environmental-6.jpg]
[tavonline.net/html/madrid/img/singlework/environmental-3.jpg]
[tavonline.net/html/madrid/img/singlework/environmental-4.jpg]
[tavonline.net/html/madrid/img/singlework/environmental-5.jpg]
[tavonline.net/html/madrid/img/singlework/environmental-9.jpg]
[tavonline.net/html/madrid/img/singlework/environmental-7.jpg]
[tavonline.net/html/madrid/img/singlework/environmental-8.jpg]
[tavonline.net/html/madrid/js/main.min.js]
[tavonline.net/html/madrid/work-3.html]
[tavonline.net/html/madrid/img/singlework/ganje-1.jpg]
[tavonline.net/html/madrid/img/singlework/ganje-2.jpg]
[tavonline.net/html/madrid/work-4.html]
[tavonline.net/html/madrid/img/singlework/band-1.jpg]
[tavonline.net/html/madrid/img/singlework/band-2.jpg]
[tavonline.net/html/madrid/img/singlework/band-3.jpg]
[tavonline.net/html/madrid/img/singlework/band-4.jpg]
[tavonline.net/html/madrid/img/singlework/band-5.jpg]
[tavonline.net/html/madrid/img/singlework/band-6.jpg]
[tavonline.net/html/madrid/img/singlework/band-9.jpg]
[tavonline.net/html/madrid/work-5.html]
[tavonline.net/html/madrid/img/singlework/trave-1.jpg]
[tavonline.net/html/madrid/img/singlework/trave-2.jpg]
[tavonline.net/html/madrid/img/singlework/trave-3.jpg]
[tavonline.net/html/madrid/img/singlework/trave-4.jpg]
[tavonline.net/html/madrid/work-7.html]
[tavonline.net/html/madrid/img/singlework/massimo-1.jpg]
[tavonline.net/html/madrid/img/singlework/massimo-2.jpg]
[tavonline.net/html/madrid/img/singlework/massimo-3.jpg]
[tavonline.net/html/madrid/img/singlework/massimo-5.jpg]
[tavonline.net/html/madrid/img/singlework/massimo-6.jpg]
[tavonline.net/html/madrid/img/singlework/massimo-7.jpg]
[tavonline.net/html/madrid/work-6.html]
[tavonline.net/html/madrid/img/singlework/mall-1.jpg]
[tavonline.net/html/madrid/img/singlework/mall-3.jpg]
[tavonline.net/html/madrid/img/singlework/mall-4.jpg]
[tavonline.net/html/madrid/img/singlework/mall-5.jpg]
[tavonline.net/html/madrid/img/singlework/mall-6.jpg]
[tavonline.net/html/madrid/work-9.html]
[tavonline.net/html/madrid/img/singlework/summer-1.jpg]
[tavonline.net/html/madrid/img/singlework/summer-2.jpg]
[tavonline.net/html/madrid/img/singlework/summer-3.jpg]
[tavonline.net/html/madrid/img/singlework/summer-4.jpg]
[tavonline.net/html/madrid/img/singlework/summer-5.jpg]
[tavonline.net/html/madrid/work-8.html]
[tavonline.net/html/mat/default/css/bootstrap.css]
[tavonline.net/html/mat/default/css/reset.css]
[tavonline.net/html/mat/default/cubeportfolio/img/cbp-sprite.png]
[tavonline.net/html/mat/default/cubeportfolio/css/cubeportfolio.min.css]
[tavonline.net/html/mat/default/css/owl.theme.css]
[tavonline.net/html/mat/default/css/owl.carousel.css]
[tavonline.net/html/mat/default/images/bg.png]
[tavonline.net/html/mat/default/images/spinner.jpg]
[tavonline.net/html/mat/default/images/glasses-w.png]
[tavonline.net/html/mat/default/images/sprite.png]
[tavonline.net/html/mat/default/css/style.css]
[tavonline.net/html/mat/default/images/glasses.png]
[tavonline.net/html/mat/default/css/colors/yellow.css]
[tavonline.net/html/mat/default/icon-fonts/font-awesome-4.7.0/fonts/fontawesome-webfont3e6e.eot]
[tavonline.net/html/mat/default/icon-fonts/font-awesome-4.7.0/fonts/fontawesome-webfontd41d.eot]
[tavonline.net/html/mat/default/icon-fonts/font-awesome-4.7.0/fonts/fontawesome-webfont3e6e.woff2]
[tavonline.net/html/mat/default/icon-fonts/font-awesome-4.7.0/fonts/fontawesome-webfont3e6e.woff]
[tavonline.net/html/mat/default/icon-fonts/font-awesome-4.7.0/fonts/fontawesome-webfont3e6e.svg]
[tavonline.net/html/mat/default/icon-fonts/font-awesome-4.7.0/css/font-awesome.min.css]
[tavonline.net/html/mat/default/icon-fonts/web-design/Flaticon.eot]
[tavonline.net/html/mat/default/icon-fonts/web-design/Flaticon.woff]
[tavonline.net/html/mat/default/icon-fonts/web-design/Flaticond41d.eot]
[tavonline.net/html/mat/default/icon-fonts/web-design/Flaticon.ttf]
[tavonline.net/html/mat/default/icon-fonts/web-design/flaticon.css]
[tavonline.net/html/mat/default/icon-fonts/web-design/Flaticon.svg]
[tavonline.net/html/mat/default/portfolio-detail/work-01.html]
[tavonline.net/html/mat/default/portfolio-detail/work-02.html]
[tavonline.net/html/mat/default/load-more/portfolio.html]
[tavonline.net/html/mat/default/index-2.html]
[tavonline.net/html/mat/default/images/blogs/blog-1.jpg]
[tavonline.net/html/mat/default/images/person.jpg]
[tavonline.net/html/mat/default/images/image.jpg]
[tavonline.net/html/mat/default/js/subpage-demo.js]
[tavonline.net/html/mat/default/blog-posts/blog-1.html]
[tavonline.net/html/mat/default/blog-posts/blog-video-version.html]
[tavonline.net/html/mat/default/blog-posts/blog-music-version.html]
[tavonline.net/html/mat/default/load-more/blog-posts.html]
[tavonline.net/html/mat/default/css/Demo.min.css]
[tavonline.net/html/gorge2/light/icon-fonts/fontawesome-5.0.6/webfonts/fa-brands-400.woff2]
[tavonline.net/html/gorge2/light/icon-fonts/fontawesome-5.0.6/webfonts/fa-brands-400.svg]
[tavonline.net/html/gorge2/light/icon-fonts/fontawesome-5.0.6/webfonts/fa-regular-400.svg]
[tavonline.net/html/gorge2/light/icon-fonts/fontawesome-5.0.6/webfonts/fa-regular-400.woff2]
[tavonline.net/html/gorge2/light/icon-fonts/fontawesome-5.0.6/webfonts/fa-solid-900.svg]
[tavonline.net/html/gorge2/light/css/owl.theme.css]
[tavonline.net/html/gorge2/light/css/owl.carousel.css]
[tavonline.net/html/gorge2/light/icon-fonts/flaticon/Flaticon.eot]
[tavonline.net/html/gorge2/light/icon-fonts/flaticon/Flaticon.woff]
[tavonline.net/html/gorge2/light/icon-fonts/flaticon/Flaticond41d.eot]
[tavonline.net/html/gorge2/light/icon-fonts/flaticon/Flaticon.ttf]
[tavonline.net/html/gorge2/light/icon-fonts/flaticon/flaticon.css]
[tavonline.net/html/gorge2/light/icon-fonts/flaticon/Flaticon.svg]
[tavonline.net/html/gorge2/light/images/blog-article.jpg]
[tavonline.net/html/gorge2/light/images/article-image.jpg]
[tavonline.net/html/gorge2/light/images/article-image-2.jpg]
[tavonline.net/html/gorge2/light/images/comment-1.jpg]
[tavonline.net/html/gorge2/light/images/comment-2.jpg]
[tavonline.net/html/gorge2/light/images/comment-3.jpg]
[tavonline.net/html/gorge2/light/news-article.html]
[tavonline.net/html/gorge2/light/hi@gorge.html]
[tavonline.net/html/gorge2/light/css/magnific-popup.css]
[tavonline.net/html/gorge2/light/portfolio/images/logo.html]
[tavonline.net/html/gorge2/light/images/portfolio/work-4/01.jpg]
[tavonline.net/html/gorge2/light/images/portfolio/work-1/04.jpg]
[tavonline.net/html/gorge2/light/images/portfolio/work-8/01.jpg]
[tavonline.net/html/gorge2/light/images/portfolio/work-8/02.jpg]
[tavonline.net/html/gorge2/light/images/portfolio/work-8/03.jpg]
[tavonline.net/html/gorge2/light/portfolio/work-8.html]
[tavonline.net/html/gorge2/light/images/portfolio/work-7/01.jpg]
[tavonline.net/html/gorge2/light/images/portfolio/work-7/03.jpg]
[tavonline.net/html/gorge2/light/images/portfolio/work-7/04.jpg]
[tavonline.net/html/gorge2/light/portfolio/work-7.html]
[tavonline.net/html/maclaren/css/assets.css]
[tavonline.net/html/maclaren/icon-fonts/fontawesome-5.8.1/webfonts/fa-brands-400.svg]
[tavonline.net/html/maclaren/icon-fonts/fontawesome-5.8.1/webfonts/fa-regular-400.svg]
[tavonline.net/html/maclaren/icon-fonts/fontawesome-5.8.1/webfonts/fa-brands-400.ttf]
[tavonline.net/html/maclaren/icon-fonts/fontawesome-5.8.1/webfonts/fa-solid-900d41d.eot]
[tavonline.net/html/maclaren/icon-fonts/fontawesome-5.8.1/webfonts/fa-solid-900.svg]
[tavonline.net/html/maclaren/img/works/work-6/02.jpg]
[tavonline.net/html/maclaren/img/works/work-6/03.jpg]
[tavonline.net/html/maclaren/img/works/work-6/04.jpg]
[tavonline.net/html/maclaren/img/works/work-6/05.jpg]
[tavonline.net/html/maclaren/portfolio-six.html]
[tavonline.net/html/madrid/fonts/glyphicons-halflings-regular.html]
[tavonline.net/html/madrid/fonts/glyphicons-halflings-regulard41d.html]
[tavonline.net/html/madrid/fonts/glyphicons-halflings-regular-2.html]
[tavonline.net/html/madrid/fonts/glyphicons-halflings-regular-3.html]
[tavonline.net/html/madrid/fonts/glyphicons-halflings-regular-4.html]
[tavonline.net/html/madrid/fonts/glyphicons-halflings-regular-5.html]
[tavonline.net/html/madrid/icon-fonts/font-awesome-4.5.0/fonts/fontawesome-webfont3295.woff2]
[tavonline.net/html/madrid/icon-fonts/font-awesome-4.5.0/fonts/fontawesome-webfont3295.ttf]
[tavonline.net/html/madrid/icon-fonts/font-awesome-4.5.0/fonts/fontawesome-webfont3295.svg]
[tavonline.net/html/madrid/css/owl.theme.min.css]
[tavonline.net/html/madrid/css/owl.carousel.min.css]
[tavonline.net/html/madrid/icon-fonts/web-design/Flaticon.eot]
[tavonline.net/html/madrid/icon-fonts/web-design/Flaticond41d.eot]
[tavonline.net/html/madrid/icon-fonts/web-design/Flaticon.woff]
[tavonline.net/html/madrid/icon-fonts/web-design/Flaticon.ttf]
[tavonline.net/html/madrid/icon-fonts/web-design/flaticon.css]
[tavonline.net/html/madrid/icon-fonts/web-design/Flaticon.svg]
[tavonline.net/html/madrid/img/blog-big.jpg]
[tavonline.net/html/madrid/img/blog-article.jpg]
[tavonline.net/html/madrid/img/blog-article-2.jpg]
[tavonline.net/html/madrid/img/comment-img-1.jpg]
[tavonline.net/html/madrid/img/comment-img-2.jpg]
[tavonline.net/html/madrid/img/comment-img-3.jpg]
[tavonline.net/html/madrid/single-blog.html]
[tavonline.net/html/madrid/img/blog-2.jpg]
[tavonline.net/html/madrid/css/magnific-popup.css]
[tavonline.net/html/madrid/img/singlework/environmental-2.jpg]
[tavonline.net/html/madrid/img/singlework/massimo-4.jpg]
[tavonline.net/html/madrid/img/singlework/mall-2.jpg]
[tavonline.net/html/mat/default/fonts/glyphicons-halflings-regular.html]
[tavonline.net/html/mat/default/fonts/glyphicons-halflings-regulard41d.html]
[tavonline.net/html/mat/default/fonts/glyphicons-halflings-regular-2.html]
[tavonline.net/html/mat/default/fonts/glyphicons-halflings-regular-3.html]
[tavonline.net/html/mat/default/fonts/glyphicons-halflings-regular-4.html]
[tavonline.net/html/mat/default/fonts/glyphicons-halflings-regular-5.html]
[tavonline.net/html/mat/default/css/AjaxLoader.html]
[tavonline.net/html/mat/default/icon-fonts/font-awesome-4.7.0/fonts/fontawesome-webfont3e6e.ttf]
[tavonline.net/html/mat/default/icon-fonts/font-awesome-4.7.0/fonts/fontawesome-webfont3e6e.svg]
[tavonline.net/html/mat/default/icon-fonts/web-design/Flaticon.svg]
[tavonline.net/html/mat/default/portfolio-detail/images/portfolio-content/image-1.html]
[tavonline.net/html/mat/default/portfolio-detail/images/portfolio-content/image-2.html]
[tavonline.net/html/mat/default/portfolio-detail/images/portfolio-content/image-3.html]
[tavonline.net/html/mat/default/portfolio-detail/images/portfolio-content/image-4.html]
[tavonline.net/html/mat/default/load-more/about.html]
[tavonline.net/html/mat/default/load-more/images/works/work-07.html]
[tavonline.net/html/mat/default/load-more/images/works/work-08.html]
[tavonline.net/html/mat/default/load-more/images/works/work-09.html]
[tavonline.net/html/mat/default/blog-posts/favicon.html]
[tavonline.net/html/mat/default/index-2.html]
[tavonline.net/html/mat/default/load-more/blog-posts/blog-1.html]
[tavonline.net/html/mat/default/load-more/images/blogs/blog-4.html]
[tavonline.net/html/mat/default/load-more/images/blogs/blog-5.html]
[tavonline.net/html/mat/default/load-more/images/blogs/blog-6.html]
[tavonline.net/html/gorge2/light/css/AjaxLoader.html]
[tavonline.net/html/gorge2/light/icon-fonts/flaticon/Flaticon.svg]
[tavonline.net/html/gorge2/light/images/portfolio/work-8/04.jpg]
[tavonline.net/html/maclaren/portfolio-seven.html]
[tavonline.net/html/madrid/css/AjaxLoader.html]
[tavonline.net/html/madrid/icon-fonts/web-design/Flaticon.svg]
[tavonline.net/html/gorge2/light/images/portfolio/work-7/02.jpg]
